2026-08-30T04:46:42Z INF Thank you for trying Cloudflare Tunnel. Doing so, without a Cloudflare account, is a quick way to experiment and try it out. However, be aware that these account-less Tunnels have no uptime guarantee, are subject to the Cloudflare Online Services Terms of Use (https://www.cloudflare.com/website-terms/), and Cloudflare reserves the right to investigate your use of Tunnels for violations of such terms. If you intend to use Tunnels in production you should use a pre-created named tunnel by following: https://developers.cloudflare.com/cloudflare-one/connections/connect-apps
2026-08-30T04:46:42Z INF Requesting new quick Tunnel on trycloudflare.com...
2026-08-30T04:46:48Z INF +--------------------------------------------------------------------------------------------+
2026-08-30T04:46:48Z INF |  Your quick Tunnel has been created! Visit it at (it may take some time to be reachable):  |
2026-08-30T04:46:48Z INF |  https://rats-fantastic-allowed-refrigerator.trycloudflare.com                             |
2026-08-30T04:46:48Z INF +--------------------------------------------------------------------------------------------+
2026-08-30T04:46:48Z INF Cannot determine default configuration path. No file [config.yml config.yaml] in [~/.cloudflared ~/.cloudflare-warp ~/cloudflare-warp /etc/cloudflared /usr/local/etc/cloudflared]
2026-08-30T04:46:48Z INF Version 2026.8.2 (Checksum b6bc98e794894b4ccee49c027c7cae050bbf74a92212e2c4bef348f5b33fa846)
2026-08-30T04:46:48Z INF GOOS: darwin, GOVersion: go1.26.6, GoArch: arm64
2026-08-30T04:46:48Z INF Settings: map[ha-connections:1 protocol:quic url:http://127.0.0.1:8000]
2026-08-30T04:46:48Z INF cloudflared will not automatically update if installed by a package manager.
2026-08-30T04:46:48Z INF Generated Connector ID: 9932d3d4-d8b8-4e82-8a8c-018633274857
2026-08-30T04:46:48Z INF Initial protocol quic
2026-08-30T04:46:48Z INF ICMP proxy will use 192.168.1.5 as source for IPv4
2026-08-30T04:46:48Z INF ICMP proxy will use fe80::18c5:63b1:43c1:8400 in zone en0 as source for IPv6
2026-08-30T04:46:48Z INF Created ICMP proxy listening on 192.168.1.5:0
2026-08-30T04:46:48Z INF ICMP proxy will use 192.168.1.5 as source for IPv4
2026-08-30T04:46:48Z INF ICMP proxy will use fe80::18c5:63b1:43c1:8400 in zone en0 as source for IPv6
2026-08-30T04:46:48Z INF Starting metrics server on 127.0.0.1:20241/metrics
2026-08-30T04:46:48Z INF Tunnel connection curve preferences: [X25519MLKEM768 CurveID(65074) CurveP256] connIndex=0 event=0 ip=2606:4700:a8::6
2026-08-30T04:46:48Z INF +-------------------------------------------------------------------------------------+
2026-08-30T04:46:48Z INF |                               CONNECTIVITY PRE-CHECKS                               |
2026-08-30T04:46:48Z INF +-------------------------------------------------------------------------------------+
2026-08-30T04:46:48Z INF |  COMPONENT         TARGET                     STATUS  DETAILS                       |
2026-08-30T04:46:48Z INF |  DNS Resolution    region1.v2.argotunnel.com  PASS    DNS Resolved successfully     |
2026-08-30T04:46:48Z INF |  DNS Resolution    region2.v2.argotunnel.com  PASS    DNS Resolved successfully     |
2026-08-30T04:46:48Z INF |  UDP Connectivity  region1.v2.argotunnel.com  PASS    QUIC connection successful    |
2026-08-30T04:46:48Z INF |  UDP Connectivity  region2.v2.argotunnel.com  PASS    QUIC connection successful    |
2026-08-30T04:46:48Z INF |  TCP Connectivity  region1.v2.argotunnel.com  PASS    HTTP/2 connection successful  |
2026-08-30T04:46:48Z INF |  TCP Connectivity  region2.v2.argotunnel.com  PASS    HTTP/2 connection successful  |
2026-08-30T04:46:48Z INF |  Cloudflare API    api.cloudflare.com:443     PASS    API is reachable              |
2026-08-30T04:46:48Z INF |                                                                                     |
2026-08-30T04:46:48Z INF |  SUMMARY: Environment is healthy. cloudflared will use 'quic' as primary protocol.  |
2026-08-30T04:46:48Z INF +-------------------------------------------------------------------------------------+
2026-08-30T04:46:48Z INF precheck component="DNS Resolution" details="DNS Resolved successfully" run_id=f1ff2622-f5cb-4dcd-a686-07e0faa501ef status=pass target=region1.v2.argotunnel.com
2026-08-30T04:46:48Z INF precheck component="DNS Resolution" details="DNS Resolved successfully" run_id=f1ff2622-f5cb-4dcd-a686-07e0faa501ef status=pass target=region2.v2.argotunnel.com
2026-08-30T04:46:48Z INF precheck component="UDP Connectivity" details="QUIC connection successful" run_id=f1ff2622-f5cb-4dcd-a686-07e0faa501ef status=pass target=region1.v2.argotunnel.com
2026-08-30T04:46:48Z INF precheck component="UDP Connectivity" details="QUIC connection successful" run_id=f1ff2622-f5cb-4dcd-a686-07e0faa501ef status=pass target=region2.v2.argotunnel.com
2026-08-30T04:46:48Z INF precheck component="TCP Connectivity" details="HTTP/2 connection successful" run_id=f1ff2622-f5cb-4dcd-a686-07e0faa501ef status=pass target=region1.v2.argotunnel.com
2026-08-30T04:46:48Z INF precheck component="TCP Connectivity" details="HTTP/2 connection successful" run_id=f1ff2622-f5cb-4dcd-a686-07e0faa501ef status=pass target=region2.v2.argotunnel.com
2026-08-30T04:46:48Z INF precheck component="Cloudflare API" details="API is reachable" run_id=f1ff2622-f5cb-4dcd-a686-07e0faa501ef status=pass target=api.cloudflare.com:443
2026-08-30T04:46:48Z INF precheck complete hard_fail=false run_id=f1ff2622-f5cb-4dcd-a686-07e0faa501ef suggested_protocol=quic
2026-08-30T04:46:49Z INF Registered tunnel connection connIndex=0 connection=47624975-7085-40b4-9cce-b6303d912301 event=0 ip=2606:4700:a8::6 location=del03 protocol=quic
